No files changed, compilation skipped

Ran 5 tests for test/NFTMarket.t.sol:NFTMarketTest
[PASS] testEdgeCases() (gas: 181807)
[PASS] testFuzzy(uint96,address) (runs: 257, μ: 394766, ~: 394946)
[PASS] testInvariant() (gas: 210240)
[PASS] testListing() (gas: 155851)
[PASS] testPurchase() (gas: 203132)
Suite result: ok. 5 passed; 0 failed; 0 skipped; finished in 268.19ms (272.52ms CPU time)

Ran 1 test suite in 315.35ms (268.19ms CPU time): 5 tests passed, 0 failed, 0 skipped (5 total tests)
